[2026-05-17 21:33:45] Auto-sync 시작: /Users/jaehyunyoo/spongeclub_1
[2026-05-17 22:12:16] Auto-sync 시작: /Users/jaehyunyoo/spongeclub_1
[2026-05-25 02:29:32] Auto-sync 시작: /Users/jaehyunyoo/spongeclub_1
[2026-06-06 20:39:24] Auto-sync 시작: /Users/jaehyunyoo/spongeclub_1
[2026-06-06 21:51:56] Auto-sync 시작: /Users/jaehyunyoo/spongeclub_1
[2026-06-06 21:58:59] 변경 감지 → 커밋 & push
 create mode 100755 .auto-sync.sh
 create mode 100644 .sync.log
To https://github.com/spongeclub/spongeclub_1.git
   dc13d5d..c282abb  jack-sync -> jack-sync
[2026-06-06 21:59:00] Push 완료
[2026-06-06 21:59:10] 변경 감지 → 커밋 & push
[jack-sync be7c70f] sync: 2026-06-06 21:59:10
 1 file changed, 6 insertions(+)
To https://github.com/spongeclub/spongeclub_1.git
   c282abb..be7c70f  jack-sync -> jack-sync
[2026-06-06 21:59:12] Push 완료
[2026-06-06 21:59:22] 변경 감지 → 커밋 & push
[jack-sync 66095a2] sync: 2026-06-06 21:59:22
 1 file changed, 6 insertions(+)
To https://github.com/spongeclub/spongeclub_1.git
   be7c70f..66095a2  jack-sync -> jack-sync
[2026-06-06 21:59:23] Push 완료
[2026-06-06 21:59:33] 변경 감지 → 커밋 & push
[jack-sync 0a76e5e] sync: 2026-06-06 21:59:33
 1 file changed, 6 insertions(+)
To https://github.com/spongeclub/spongeclub_1.git
   66095a2..0a76e5e  jack-sync -> jack-sync
[2026-06-06 21:59:35] Push 완료
[2026-06-06 21:59:45] 변경 감지 → 커밋 & push
[jack-sync c4040f1] sync: 2026-06-06 21:59:45
 1 file changed, 6 insertions(+)
To https://github.com/spongeclub/spongeclub_1.git
   0a76e5e..c4040f1  jack-sync -> jack-sync
[2026-06-06 21:59:46] Push 완료
[2026-06-06 21:59:57] 변경 감지 → 커밋 & push
[jack-sync 70b03d5] sync: 2026-06-06 21:59:57
 1 file changed, 6 insertions(+)
To https://github.com/spongeclub/spongeclub_1.git
   c4040f1..70b03d5  jack-sync -> jack-sync
[2026-06-06 21:59:58] Push 완료
[2026-06-06 22:00:08] 변경 감지 → 커밋 & push
[jack-sync c249eff] sync: 2026-06-06 22:00:08
 1 file changed, 6 insertions(+)
To https://github.com/spongeclub/spongeclub_1.git
   70b03d5..c249eff  jack-sync -> jack-sync
[2026-06-06 22:00:10] Push 완료
[2026-06-06 22:00:20] 변경 감지 → 커밋 & push
